main.c:105:5:main	8	static
main.c:206:6:Display_LED_Error	8	static
main.c:217:6:Update_ADSR_Val	16	static
main.c:265:6:Update_ADSR_State	16	static
main.c:338:6:LED_Handler	8	static
main.c:349:6:HAL_ADC_ConvCpltCallback	16	static
main.c:366:7:HAL_TIM_PeriodElapsedCallback	24	static
main.c:402:7:HAL_UART_RxCpltCallback	24	static
main.c:453:6:SystemClock_Config	168	static
main.c:510:13:MX_ADC1_Init	56	static
main.c:596:13:MX_ADC3_Init	56	static
main.c:661:13:MX_DAC1_Init	56	static
main.c:706:13:MX_TIM2_Init	40	static
main.c:751:13:MX_TIM5_Init	40	static
main.c:796:13:MX_TIM6_Init	24	static
main.c:834:13:MX_TIM7_Init	24	static
main.c:872:13:MX_TIM8_Init	40	static
main.c:919:13:MX_USART1_UART_Init	8	static
main.c:965:13:MX_DMA_Init	16	static
main.c:987:13:MX_GPIO_Init	40	static
main.c:1015:6:Error_Handler	4	static,ignoring_inline_asm
