main.c:132:5:main	8	static
main.c:248:7:HAL_TIM_PeriodElapsedCallback	24	static
main.c:294:7:HAL_UART_RxCpltCallback	24	static
main.c:340:6:SystemClock_Config	168	static
main.c:397:13:MX_ADC1_Init	56	static
main.c:483:13:MX_ADC3_Init	56	static
main.c:548:13:MX_DAC1_Init	56	static
main.c:593:13:MX_TIM2_Init	40	static
main.c:638:13:MX_TIM5_Init	40	static
main.c:683:13:MX_TIM6_Init	24	static
main.c:721:13:MX_TIM7_Init	24	static
main.c:759:13:MX_TIM8_Init	40	static
main.c:806:13:MX_USART1_UART_Init	8	static
main.c:852:13:MX_DMA_Init	16	static
main.c:874:13:MX_GPIO_Init	40	static
main.c:902:6:Error_Handler	4	static,ignoring_inline_asm
