stm32g4xx_it.c:81:6:NMI_Handler	0	static
stm32g4xx_it.c:96:6:HardFault_Handler	0	static
stm32g4xx_it.c:111:6:MemManage_Handler	0	static
stm32g4xx_it.c:126:6:BusFault_Handler	0	static
stm32g4xx_it.c:141:6:UsageFault_Handler	0	static
stm32g4xx_it.c:156:6:SVC_Handler	0	static
stm32g4xx_it.c:169:6:DebugMon_Handler	0	static
stm32g4xx_it.c:182:6:PendSV_Handler	0	static
stm32g4xx_it.c:195:6:SysTick_Handler	0	static
stm32g4xx_it.c:216:6:DMA1_Channel1_IRQHandler	0	static
stm32g4xx_it.c:230:6:DMA1_Channel3_IRQHandler	0	static
stm32g4xx_it.c:244:6:DMA1_Channel5_IRQHandler	0	static
stm32g4xx_it.c:258:6:TIM2_IRQHandler	0	static
stm32g4xx_it.c:272:6:USART1_IRQHandler	0	static
stm32g4xx_it.c:286:6:TIM8_UP_IRQHandler	0	static
stm32g4xx_it.c:300:6:ADC3_IRQHandler	0	static
stm32g4xx_it.c:314:6:TIM5_IRQHandler	0	static
stm32g4xx_it.c:328:6:TIM6_DAC_IRQHandler	8	static
stm32g4xx_it.c:344:6:TIM7_DAC_IRQHandler	0	static
